// Jest Snapshot v1, https://goo.gl/fbAQLP

exports[`snapshot test: the html matches 1`] = `
<article
  className="resource-card__container"
>
  <h3
    className="resource-card__title"
  >
    <a
      className="resource-card__link"
      href="url"
      rel="noreferrer"
      target="_blank"
    >
      title
    </a>
  </h3>
  <div
    aria-label="Rating of this product is 1 out of 5."
    className="star-container"
    style={
      Object {
        "--rating": 1,
      }
    }
  />
</article>
`;
