// Jest Snapshot v1, https://goo.gl/fbAQLP

exports[`snapshot test: the html matches 1`] = `
<div
  className="container"
>
  <div
    className="resource-list"
  >
    <ul
      className="resource-list__container"
    >
      <li
        className="resource-list__list-element"
      >
        <article
          className="resource-card__container"
        >
          <h3
            className="resource-card__title"
          >
            <a
              className="resource-card__link"
              href="Java Link"
              rel="noreferrer"
              target="_blank"
            >
              Java
            </a>
          </h3>
          <div
            aria-label="Rating of this product is 1 out of 5."
            className="star-container"
            style={
              Object {
                "--rating": 1,
              }
            }
          />
        </article>
      </li>
      <li
        className="resource-list__list-element"
      >
        <article
          className="resource-card__container"
        >
          <h3
            className="resource-card__title"
          >
            <a
              className="resource-card__link"
              href="Python Link"
              rel="noreferrer"
              target="_blank"
            >
              Python
            </a>
          </h3>
          <div
            aria-label="Rating of this product is 4 out of 5."
            className="star-container"
            style={
              Object {
                "--rating": 4,
              }
            }
          />
        </article>
      </li>
      <li
        className="resource-list__list-element"
      >
        <article
          className="resource-card__container"
        >
          <h3
            className="resource-card__title"
          >
            <a
              className="resource-card__link"
              href="Javascript Link"
              rel="noreferrer"
              target="_blank"
            >
              Javascript
            </a>
          </h3>
          <div
            aria-label="Rating of this product is 3 out of 5."
            className="star-container"
            style={
              Object {
                "--rating": 3,
              }
            }
          />
        </article>
      </li>
      <li
        className="resource-list__list-element"
      >
        <article
          className="resource-card__container"
        >
          <h3
            className="resource-card__title"
          >
            <a
              className="resource-card__link"
              href="C# Link"
              rel="noreferrer"
              target="_blank"
            >
              C#
            </a>
          </h3>
          <div
            aria-label="Rating of this product is 4 out of 5."
            className="star-container"
            style={
              Object {
                "--rating": 4,
              }
            }
          />
        </article>
      </li>
    </ul>
  </div>
  <form
    className="media-selection"
  >
    <legend
      className="media-selection__legend"
    >
      Filter by
    </legend>
    <div>
      <input
        checked={false}
        className="media-selection__input"
        id="videomedia"
        name="video"
        onChange={[Function]}
        type="checkbox"
        value="video"
      />
      <label
        className="media-selection__label"
        htmlFor="videomedia"
      >
        video
      </label>
    </div>
    <div>
      <input
        checked={false}
        className="media-selection__input"
        id="articlemedia"
        name="article"
        onChange={[Function]}
        type="checkbox"
        value="article"
      />
      <label
        className="media-selection__label"
        htmlFor="articlemedia"
      >
        article
      </label>
    </div>
    <div>
      <input
        checked={false}
        className="media-selection__input"
        id="bookmedia"
        name="book"
        onChange={[Function]}
        type="checkbox"
        value="book"
      />
      <label
        className="media-selection__label"
        htmlFor="bookmedia"
      >
        book
      </label>
    </div>
    <div>
      <input
        checked={false}
        className="media-selection__input"
        id="tutorialmedia"
        name="tutorial"
        onChange={[Function]}
        type="checkbox"
        value="tutorial"
      />
      <label
        className="media-selection__label"
        htmlFor="tutorialmedia"
      >
        tutorial
      </label>
    </div>
    <div>
      <input
        checked={false}
        className="media-selection__input"
        id="coursemedia"
        name="course"
        onChange={[Function]}
        type="checkbox"
        value="course"
      />
      <label
        className="media-selection__label"
        htmlFor="coursemedia"
      >
        course
      </label>
    </div>
  </form>
</div>
`;
