// Jest Snapshot v1, https://goo.gl/fbAQLP

exports[`given the resource has a rating when the rating is one snapshot test: the html matches 1`] = `
<div
  aria-label="Rating of this product is 1 out of 5."
  className="star-container"
  style={
    Object {
      "--rating": 1,
    }
  }
/>
`;
